// Jest Snapshot v1, https://goo.gl/fbAQLP

exports[`member-ordering / happy path happy 1`] = `""`;
