// Jest Snapshot v1, https://goo.gl/fbAQLP

exports[`promise / happy path happy 1`] = `""`;
