// Jest Snapshot v1, https://goo.gl/fbAQLP

exports[`require-return-type snapshot 1`] = `""`;
