// Jest Snapshot v1, https://goo.gl/fbAQLP

exports[`import / happy path happy 1`] = `""`;
