// Jest Snapshot v1, https://goo.gl/fbAQLP

exports[`decorator-position / happy path happy 1`] = `""`;
