// Jest Snapshot v1, https://goo.gl/fbAQLP

exports[`imports / happy path happy 1`] = `""`;
